// Jest Snapshot v1, https://goo.gl/fbAQLP

exports[`renders the home component correctly 1`] = `
<div>
  <div
    class="container"
  >
    <h1>
      Age of Marvel TV shows
    </h1>
    <div
      class="main"
    >
      <img
        alt="mainpic"
        src="home.png"
      />
    </div>
    <div
      class="list"
    >
      <div
        class="container"
      >
        <img
          alt="thumbnail"
          class="thumbnail"
          src="https://terrigen-cdn-dev.marvel.com/content/prod/1x/falcws_lob_crd_03.jpg"
        />
        <div
          class="title"
        >
          The Falcon and The Winter Soldier
        </div>
      </div>
      <div
        class="container"
      >
        <img
          alt="thumbnail"
          class="thumbnail"
          src="https://terrigen-cdn-dev.marvel.com/content/prod/1x/assembled_lob_crd-01.jpg"
        />
        <div
          class="title"
        >
          Marvel Studios: Assembled
        </div>
      </div>
      <div
        class="container"
      >
        <img
          alt="thumbnail"
          class="thumbnail"
          src="https://terrigen-cdn-dev.marvel.com/content/prod/1x/behindthemask_lob_crd_02.jpg"
        />
        <div
          class="title"
        >
          Marvel's Behind the Mask
        </div>
      </div>
      <div
        class="container"
      >
        <img
          alt="thumbnail"
          class="thumbnail"
          src="https://terrigen-cdn-dev.marvel.com/content/prod/1x/wandavision_lob_crd_06.jpg"
        />
        <div
          class="title"
        >
          WandaVision
        </div>
      </div>
      <div
        class="container"
      >
        <img
          alt="thumbnail"
          class="thumbnail"
          src="https://terrigen-cdn-dev.marvel.com/content/prod/1x/legends_lob_crd_01.jpg"
        />
        <div
          class="title"
        >
          Marvel Studios: Legends
        </div>
      </div>
      <div
        class="container"
      >
        <img
          alt="thumbnail"
          class="thumbnail"
          src="https://terrigen-cdn-dev.marvel.com/content/prod/1x/marvel616_lob_crd_02_1.jpg"
        />
        <div
          class="title"
        >
          Marvel's 616
        </div>
      </div>
    </div>
    <br />
    <h1>
      <a
        class="link"
        href="/signup"
      >
        Sign Up
      </a>
       
      for More Information
    </h1>
  </div>
</div>
`;
