// Jest Snapshot v1, https://goo.gl/fbAQLP

exports[`rendered Login correctly 1`] = `
<div>
  <div
    class="container"
  >
    <form>
      <input
        class="inputtext"
        placeholder="E-mail"
        type="text"
      />
      <input
        class="inputtext"
        placeholder="Password"
        type="password"
      />
    </form>
    <button>
      Login
    </button>
    <button>
      Register
    </button>
  </div>
</div>
`;
